******************************************************************************
                  TI ARM Linker PC v20.2.7                     
******************************************************************************
>> Linked Thu Apr 18 23:41:34 2024

OUTPUT FILE NAME:   <AUTOSAR_Project.out>
ENTRY POINT SYMBOL: "_c_int00_noargs"  address: 000013a5


MEMORY CONFIGURATION

         name            origin    length      used     unused   attr    fill
----------------------  --------  ---------  --------  --------  ----  --------
  FLASH                 00000000   00040000  0000146e  0003eb92  R  X
  SRAM                  20000000   00008000  00000216  00007dea  RW X


SEGMENT ALLOCATION MAP

run origin  load origin   length   init length attrs members
----------  ----------- ---------- ----------- ----- -------
00000000    00000000    00001470   00001470    r-x
  00000000    00000000    0000026c   0000026c    r-- .intvecs
  0000026c    0000026c    000011ce   000011ce    r-x .text
  0000143a    0000143a    00000014   00000014    r-- .const
  00001450    00001450    00000020   00000020    r-- .cinit
20000000    20000000    00000216   00000000    rw-
  20000000    20000000    00000200   00000000    rw- .stack
  20000200    20000200    00000016   00000000    rw- .data


SECTION ALLOCATION MAP

 output                                  attributes/
section   page    origin      length       input sections
--------  ----  ----------  ----------   ----------------
.intvecs   0    00000000    0000026c     
                  00000000    0000026c     tm4c123gh6pm_startup_ccs.obj (.intvecs)

.text      0    0000026c    000011ce     
                  0000026c    00000aa8     Port.obj (.text)
                  00000d14    0000030c     Dio.obj (.text)
                  00001020    000000a8     Os.obj (.text)
                  000010c8    0000009c     rtsv7M4_T_le_v4SPD16_eabi.lib : memcpy_t2.asm.obj (.text)
                  00001164    0000007c     Button.obj (.text)
                  000011e0    0000007c     Gpt.obj (.text)
                  0000125c    00000068     rtsv7M4_T_le_v4SPD16_eabi.lib : copy_decompress_lzss.c.obj (.text:decompress:lzss:__TI_decompress_lzss)
                  000012c4    0000005c     App.obj (.text)
                  00001320    00000044     rtsv7M4_T_le_v4SPD16_eabi.lib : autoinit.c.obj (.text:__TI_auto_init_nobinit_nopinit:__TI_auto_init_nobinit_nopinit)
                  00001364    0000003e     Led.obj (.text)
                  000013a2    00000002     --HOLE-- [fill = 0]
                  000013a4    00000034     rtsv7M4_T_le_v4SPD16_eabi.lib : boot_cortex_m.c.obj (.text:_c_int00_noargs:_c_int00_noargs)
                  000013d8    00000020     Mcu.obj (.text)
                  000013f8    00000016     Det.obj (.text)
                  0000140e    0000000e     rtsv7M4_T_le_v4SPD16_eabi.lib : copy_decompress_none.c.obj (.text:decompress:none:__TI_decompress_none)
                  0000141c    0000000c     tm4c123gh6pm_startup_ccs.obj (.text)
                  00001428    0000000a     main.obj (.text)
                  00001432    00000004     rtsv7M4_T_le_v4SPD16_eabi.lib : pre_init.c.obj (.text:_system_pre_init)
                  00001436    00000004                                   : exit.c.obj (.text:abort:abort)

.const     0    0000143a    00000014     
                  0000143a    00000010     Port_PBcfg.obj (.const:Port_Configuration)
                  0000144a    00000004     Dio_PBcfg.obj (.const:Dio_Configuration)

.cinit     0    00001450    00000020     
                  00001450    0000000e     (.cinit..data.load) [load image, compression = lzss]
                  0000145e    00000002     --HOLE-- [fill = 0]
                  00001460    00000008     (__TI_handler_table)
                  00001468    00000008     (__TI_cinit_table)

.init_array 
*          0    00000000    00000000     UNINITIALIZED

.data      0    20000200    00000016     UNINITIALIZED
                  20000200    00000005     Dio.obj (.data)
                  20000205    00000003     Button.obj (.data)
                  20000208    00000005     Port.obj (.data)
                  2000020d    00000002     App.obj (.data)
                  2000020f    00000001     --HOLE--
                  20000210    00000004     Gpt.obj (.data)
                  20000214    00000002     Os.obj (.data)

.stack     0    20000000    00000200     UNINITIALIZED
                  20000000    00000004     rtsv7M4_T_le_v4SPD16_eabi.lib : boot_cortex_m.c.obj (.stack)
                  20000004    000001fc     --HOLE--

__llvm_prf_cnts 
*          0    20000000    00000000     UNINITIALIZED

MODULE SUMMARY

       Module                         code   ro data   rw data
       ------                         ----   -------   -------
    .\
       Port.obj                       2728   0         5      
       Dio.obj                        780    0         5      
       tm4c123gh6pm_startup_ccs.obj   12     620       0      
       Os.obj                         168    0         2      
       Gpt.obj                        124    0         4      
       Button.obj                     124    0         3      
       App.obj                        92     0         2      
       Led.obj                        62     0         0      
       Mcu.obj                        32     0         0      
       Det.obj                        22     0         0      
       Port_PBcfg.obj                 0      16        0      
       main.obj                       10     0         0      
       Dio_PBcfg.obj                  0      4         0      
    +--+------------------------------+------+---------+---------+
       Total:                         4154   640       21     
                                                              
    C:\ti\ccs1260\ccs\tools\compiler\ti-cgt-arm_20.2.7.LTS\lib\rtsv7M4_T_le_v4SPD16_eabi.lib
       memcpy_t2.asm.obj              156    0         0      
       copy_decompress_lzss.c.obj     104    0         0      
       autoinit.c.obj                 68     0         0      
       boot_cortex_m.c.obj            52     0         0      
       copy_decompress_none.c.obj     14     0         0      
       exit.c.obj                     4      0         0      
       pre_init.c.obj                 4      0         0      
    +--+------------------------------+------+---------+---------+
       Total:                         402    0         0      
                                                              
       Stack:                         0      0         512    
       Linker Generated:              0      30        0      
    +--+------------------------------+------+---------+---------+
       Grand Total:                   4556   670       533    


LINKER GENERATED COPY TABLES

__TI_cinit_table @ 00001468 records: 1, size/record: 8, table size: 8
	.data: load addr=00001450, load size=0000000e bytes, run addr=20000200, run size=00000016 bytes, compression=lzss


LINKER GENERATED HANDLER TABLE

__TI_handler_table @ 00001460 records: 2, size/record: 4, table size: 8
	index: 0, handler: __TI_decompress_lzss
	index: 1, handler: __TI_decompress_none


GLOBAL SYMBOLS: SORTED ALPHABETICALLY BY Name 

address   name                          
-------   ----                          
000012e9  App_Task                      
00001165  Button_GetState               
0000116b  Button_RefreshState           
000012d9  Button_Task                   
00001437  C$$EXIT                       
000013f9  Det_ReportError               
0000144a  Dio_Configuration             
00000ef3  Dio_FlipChannel               
00000d15  Dio_Init                      
00000e19  Dio_ReadChannel               
00000d39  Dio_WriteChannel              
000012c5  Init_Task                     
0000137d  Led_RefreshOutput             
00001371  Led_SetOff                    
00001365  Led_SetOn                     
000012e1  Led_Task                      
00001395  Led_Toggle                    
000013d9  Mcu_Init                      
0000103b  Os_NewTimerTick               
0000104b  Os_Scheduler                  
00001021  Os_start                      
0000143a  Port_Configuration            
000009bd  Port_GetVersionInfo           
0000026d  Port_Init                     
00000867  Port_RefreshPortDirection     
0000073d  Port_SetPinDirection          
00000a21  Port_SetPinMode               
0000141d  ResetISR                      
000011e1  SysTick_Handler               
00001239  SysTick_SetCallBack           
000011f1  SysTick_Start                 
00001231  SysTick_Stop                  
20000200  __STACK_END                   
00000200  __STACK_SIZE                  
20000200  __STACK_TOP                   
00001468  __TI_CINIT_Base               
00001470  __TI_CINIT_Limit              
00001460  __TI_Handler_Table_Base       
00001468  __TI_Handler_Table_Limit      
00001321  __TI_auto_init_nobinit_nopinit
0000125d  __TI_decompress_lzss          
0000140f  __TI_decompress_none          
ffffffff  __TI_pprof_out_hndl           
ffffffff  __TI_prof_data_size           
ffffffff  __TI_prof_data_start          
00000000  __TI_static_base__            
000010c9  __aeabi_memcpy                
000010c9  __aeabi_memcpy4               
000010c9  __aeabi_memcpy8               
ffffffff  __binit__                     
ffffffff  __c_args__                    
UNDEFED   __mpu_init                    
20000000  __stack                       
20000000  __start___llvm_prf_cnts       
20000000  __stop___llvm_prf_cnts        
000013a5  _c_int00_noargs               
UNDEFED   _system_post_cinit            
00001433  _system_pre_init              
00001437  abort                         
ffffffff  binit                         
00000000  g_pfnVectors                  
00001429  main                          
000010c9  memcpy                        


GLOBAL SYMBOLS: SORTED BY Symbol Address 

address   name                          
-------   ----                          
00000000  __TI_static_base__            
00000000  g_pfnVectors                  
00000200  __STACK_SIZE                  
0000026d  Port_Init                     
0000073d  Port_SetPinDirection          
00000867  Port_RefreshPortDirection     
000009bd  Port_GetVersionInfo           
00000a21  Port_SetPinMode               
00000d15  Dio_Init                      
00000d39  Dio_WriteChannel              
00000e19  Dio_ReadChannel               
00000ef3  Dio_FlipChannel               
00001021  Os_start                      
0000103b  Os_NewTimerTick               
0000104b  Os_Scheduler                  
000010c9  __aeabi_memcpy                
000010c9  __aeabi_memcpy4               
000010c9  __aeabi_memcpy8               
000010c9  memcpy                        
00001165  Button_GetState               
0000116b  Button_RefreshState           
000011e1  SysTick_Handler               
000011f1  SysTick_Start                 
00001231  SysTick_Stop                  
00001239  SysTick_SetCallBack           
0000125d  __TI_decompress_lzss          
000012c5  Init_Task                     
000012d9  Button_Task                   
000012e1  Led_Task                      
000012e9  App_Task                      
00001321  __TI_auto_init_nobinit_nopinit
00001365  Led_SetOn                     
00001371  Led_SetOff                    
0000137d  Led_RefreshOutput             
00001395  Led_Toggle                    
000013a5  _c_int00_noargs               
000013d9  Mcu_Init                      
000013f9  Det_ReportError               
0000140f  __TI_decompress_none          
0000141d  ResetISR                      
00001429  main                          
00001433  _system_pre_init              
00001437  C$$EXIT                       
00001437  abort                         
0000143a  Port_Configuration            
0000144a  Dio_Configuration             
00001460  __TI_Handler_Table_Base       
00001468  __TI_CINIT_Base               
00001468  __TI_Handler_Table_Limit      
00001470  __TI_CINIT_Limit              
20000000  __stack                       
20000000  __start___llvm_prf_cnts       
20000000  __stop___llvm_prf_cnts        
20000200  __STACK_END                   
20000200  __STACK_TOP                   
ffffffff  __TI_pprof_out_hndl           
ffffffff  __TI_prof_data_size           
ffffffff  __TI_prof_data_start          
ffffffff  __binit__                     
ffffffff  __c_args__                    
ffffffff  binit                         
UNDEFED   __mpu_init                    
UNDEFED   _system_post_cinit            

[63 symbols]
